[
  {
    "Type": "Razorsharp.Guard.Tests.ClassificationFilterTests+EmptyListDTO",
    "ParentType": null,
    "Reason": null,
    "SensitivityLevel": "Public",
    "Depth": 0,
    "AttributeLevel": "Class"
  },
  {
    "Type": "Razorsharp.Guard.Tests.ClassificationFilterTests+EmptyListDTO.Items",
    "ParentType": null,
    "Reason": null,
    "SensitivityLevel": "Public",
    "Depth": 0,
    "AttributeLevel": "Property"
  },
  {
    "Type": "Razorsharp.Guard.Tests.ClassificationFilterTests+NestedConfidential",
    "ParentType": "Razorsharp.Guard.Tests.ClassificationFilterTests+EmptyListDTO",
    "Reason": "Nested confidential data",
    "SensitivityLevel": "Confidential",
    "Depth": 1,
    "AttributeLevel": "Class"
  },
  {
    "Type": "Razorsharp.Guard.Tests.ClassificationFilterTests+NestedConfidential.Secret",
    "ParentType": "Razorsharp.Guard.Tests.ClassificationFilterTests+EmptyListDTO",
    "Reason": null,
    "SensitivityLevel": "Confidential",
    "Depth": 1,
    "AttributeLevel": "Property"
  }
]
