[
  {
    "Type": "Razorsharp.Guard.Tests.ClassificationFilterTests+RestrictedDTO",
    "ParentType": null,
    "Reason": "All restricted",
    "SensitivityLevel": "Restricted",
    "Depth": 0,
    "AttributeLevel": "Class"
  },
  {
    "Type": "Razorsharp.Guard.Tests.ClassificationFilterTests+RestrictedDTO.Value",
    "ParentType": null,
    "Reason": null,
    "SensitivityLevel": "Restricted",
    "Depth": 0,
    "AttributeLevel": "Property"
  }
]
