[
  {
    "Type": "Razorsharp.Guard.Tests.ClassificationFilterTests+AllPublicDTO",
    "ParentType": null,
    "Reason": null,
    "SensitivityLevel": "Public",
    "Depth": 0,
    "AttributeLevel": "Class"
  },
  {
    "Type": "Razorsharp.Guard.Tests.ClassificationFilterTests+AllPublicDTO.Name",
    "ParentType": null,
    "Reason": null,
    "SensitivityLevel": "Public",
    "Depth": 0,
    "AttributeLevel": "Property"
  }
]
