[
  {
    "Type": "Razorsharp.Guard.Tests.ClassificationFilterTests+ConfidentialClassDTO",
    "ParentType": null,
    "Reason": "Class overrides",
    "SensitivityLevel": "Confidential",
    "Depth": 0,
    "AttributeLevel": "Class"
  },
  {
    "Type": "Razorsharp.Guard.Tests.ClassificationFilterTests+ConfidentialClassDTO.Name",
    "ParentType": null,
    "Reason": null,
    "SensitivityLevel": "Public",
    "Depth": 0,
    "AttributeLevel": "Property"
  }
]
