[
  {
    "Type": "Razorsharp.Guard.Tests.ClassificationFilterTests+MixObjectsDTO",
    "ParentType": null,
    "Reason": null,
    "SensitivityLevel": "Public",
    "Depth": 0,
    "AttributeLevel": "Class"
  },
  {
    "Type": "Razorsharp.Guard.Tests.ClassificationFilterTests+MixObjectsDTO.A",
    "ParentType": null,
    "Reason": "foo",
    "SensitivityLevel": "Restricted",
    "Depth": 0,
    "AttributeLevel": "Property"
  },
  {
    "Type": "System.Object",
    "ParentType": "Razorsharp.Guard.Tests.ClassificationFilterTests+MixObjectsDTO",
    "Reason": null,
    "SensitivityLevel": "Restricted",
    "Depth": 1,
    "AttributeLevel": "Class"
  }
]
