[
  {
    "Type": "Razorsharp.Guard.Tests.Lorem2",
    "ParentType": null,
    "Reason": null,
    "SensitivityLevel": "Restricted",
    "Depth": 0,
    "AttributeLevel": "Class"
  },
  {
    "Type": "Razorsharp.Guard.Tests.Lorem2.Restricted",
    "ParentType": null,
    "Reason": "this is restricted",
    "SensitivityLevel": "Restricted",
    "Depth": 0,
    "AttributeLevel": "Property"
  },
  {
    "Type": "Razorsharp.Guard.Tests.Lorem2.World",
    "ParentType": null,
    "Reason": null,
    "SensitivityLevel": "Public",
    "Depth": 0,
    "AttributeLevel": "Property"
  }
]
